// Vitest Snapshot v1, https://vitest.dev/guide/snapshot.html

exports[`renders BusinessNewForm component 1`] = `
<DocumentFragment>
  <main
    class="MuiContainer-root MuiContainer-maxWidthSm css-cuefkz-MuiContainer-root"
  >
    <div
      class="MuiPaper-root MuiPaper-elevation MuiPaper-rounded MuiPaper-elevation10 css-ze8hr4-MuiPaper-root"
    >
      <div
        class="MuiBox-root css-dvxtzn"
      >
        <h1
          class="MuiTypography-root MuiTypography-h5 css-ag7rrr-MuiTypography-root"
        >
          Add New Business
        </h1>
        <form
          action="#"
        >
          <div
            class="MuiFormControl-root MuiFormControl-marginNormal MuiFormControl-fullWidth MuiTextField-root css-17vbkzs-MuiFormControl-root-MuiTextField-root"
          >
            <label
              class="MuiFormLabel-root MuiInputLabel-root MuiInputLabel-formControl MuiInputLabel-animated MuiInputLabel-sizeMedium MuiInputLabel-outlined MuiFormLabel-colorPrimary MuiInputLabel-root MuiInputLabel-formControl MuiInputLabel-animated MuiInputLabel-sizeMedium MuiInputLabel-outlined css-14s5rfu-MuiFormLabel-root-MuiInputLabel-root"
              data-shrink="false"
              for="name"
              id="name-label"
            >
              Name
            </label>
            <div
              class="MuiInputBase-root MuiOutlinedInput-root MuiInputBase-colorPrimary MuiInputBase-fullWidth MuiInputBase-formControl css-md26zr-MuiInputBase-root-MuiOutlinedInput-root"
            >
              <input
                aria-invalid="false"
                class="MuiInputBase-input MuiOutlinedInput-input css-1t8l2tu-MuiInputBase-input-MuiOutlinedInput-input"
                id="name"
                name="name"
                type="text"
                value=""
              />
              <fieldset
                aria-hidden="true"
                class="MuiOutlinedInput-notchedOutline css-1d3z3hw-MuiOutlinedInput-notchedOutline"
              >
                <legend
                  class="css-yjsfm1"
                >
                  <span>
                    Name
                  </span>
                </legend>
              </fieldset>
            </div>
          </div>
          <div
            class="MuiFormControl-root MuiFormControl-marginNormal MuiFormControl-fullWidth MuiTextField-root css-17vbkzs-MuiFormControl-root-MuiTextField-root"
          >
            <label
              class="MuiFormLabel-root MuiInputLabel-root MuiInputLabel-formControl MuiInputLabel-animated MuiInputLabel-sizeMedium MuiInputLabel-outlined MuiFormLabel-colorPrimary MuiInputLabel-root MuiInputLabel-formControl MuiInputLabel-animated MuiInputLabel-sizeMedium MuiInputLabel-outlined css-14s5rfu-MuiFormLabel-root-MuiInputLabel-root"
              data-shrink="false"
              for="contactInfo"
              id="contactInfo-label"
            >
              Contact Information
            </label>
            <div
              class="MuiInputBase-root MuiOutlinedInput-root MuiInputBase-colorPrimary MuiInputBase-fullWidth MuiInputBase-formControl css-md26zr-MuiInputBase-root-MuiOutlinedInput-root"
            >
              <input
                aria-invalid="false"
                class="MuiInputBase-input MuiOutlinedInput-input css-1t8l2tu-MuiInputBase-input-MuiOutlinedInput-input"
                id="contactInfo"
                name="contactInfo"
                type="text"
                value=""
              />
              <fieldset
                aria-hidden="true"
                class="MuiOutlinedInput-notchedOutline css-1d3z3hw-MuiOutlinedInput-notchedOutline"
              >
                <legend
                  class="css-yjsfm1"
                >
                  <span>
                    Contact Information
                  </span>
                </legend>
              </fieldset>
            </div>
          </div>
          <button
            class="MuiButtonBase-root MuiButton-root MuiButton-contained MuiButton-containedPrimary MuiButton-sizeMedium MuiButton-containedSizeMedium MuiButton-colorPrimary MuiButton-fullWidth MuiButton-root MuiButton-contained MuiButton-containedPrimary MuiButton-sizeMedium MuiButton-containedSizeMedium MuiButton-colorPrimary MuiButton-fullWidth css-1vhaqj4-MuiButtonBase-root-MuiButton-root"
            tabindex="0"
            type="submit"
          >
            Add Business
            <span
              class="MuiTouchRipple-root css-8je8zh-MuiTouchRipple-root"
            />
          </button>
          <button
            class="MuiButtonBase-root MuiButton-root MuiButton-contained MuiButton-containedPrimary MuiButton-sizeMedium MuiButton-containedSizeMedium MuiButton-colorPrimary MuiButton-fullWidth MuiButton-root MuiButton-contained MuiButton-containedPrimary MuiButton-sizeMedium MuiButton-containedSizeMedium MuiButton-colorPrimary MuiButton-fullWidth css-1yzjfrg-MuiButtonBase-root-MuiButton-root"
            tabindex="0"
            type="button"
          >
            Cancel
            <span
              class="MuiTouchRipple-root css-8je8zh-MuiTouchRipple-root"
            />
          </button>
        </form>
      </div>
    </div>
  </main>
</DocumentFragment>
`;
